[35m[1mConsolidate compiler generated dependencies of target cmd_vel_plugin[0m
[100%] Built target cmd_vel_plugin
-- Install configuration: ""
-- Up-to-date: /ros2_ws/install/uav_tunnel_gz/lib/libcmd_vel_plugin.so
-- Up-to-date: /ros2_ws/install/uav_tunnel_gz/share/uav_tunnel_gz/worlds
-- Up-to-date: /ros2_ws/install/uav_tunnel_gz/share/uav_tunnel_gz/worlds/tunnel.sdf
-- Up-to-date: /ros2_ws/install/uav_tunnel_gz/share/uav_tunnel_gz/models
-- Up-to-date: /ros2_ws/install/uav_tunnel_gz/share/uav_tunnel_gz/models/planar_lidar
-- Up-to-date: /ros2_ws/install/uav_tunnel_gz/share/uav_tunnel_gz/models/planar_lidar/model.config
-- Up-to-date: /ros2_ws/install/uav_tunnel_gz/share/uav_tunnel_gz/models/planar_lidar/planar_lidar.sdf
-- Up-to-date: /ros2_ws/install/uav_tunnel_gz/share/uav_tunnel_gz/models/uav
-- Up-to-date: /ros2_ws/install/uav_tunnel_gz/share/uav_tunnel_gz/models/uav/model.sdf
-- Up-to-date: /ros2_ws/install/uav_tunnel_gz/share/uav_tunnel_gz/models/uav/model.config
-- Up-to-date: /ros2_ws/install/uav_tunnel_gz/share/uav_tunnel_gz/config
-- Up-to-date: /ros2_ws/install/uav_tunnel_gz/share/uav_tunnel_gz/config/as2_tunnel.yaml
-- Up-to-date: /ros2_ws/install/uav_tunnel_gz/share/ament_index/resource_index/package_run_dependencies/uav_tunnel_gz
-- Up-to-date: /ros2_ws/install/uav_tunnel_gz/share/ament_index/resource_index/parent_prefix_path/uav_tunnel_gz
-- Up-to-date: /ros2_ws/install/uav_tunnel_gz/share/uav_tunnel_gz/environment/ament_prefix_path.sh
-- Up-to-date: /ros2_ws/install/uav_tunnel_gz/share/uav_tunnel_gz/environment/ament_prefix_path.dsv
-- Up-to-date: /ros2_ws/install/uav_tunnel_gz/share/uav_tunnel_gz/environment/path.sh
-- Up-to-date: /ros2_ws/install/uav_tunnel_gz/share/uav_tunnel_gz/environment/path.dsv
-- Up-to-date: /ros2_ws/install/uav_tunnel_gz/share/uav_tunnel_gz/local_setup.bash
-- Up-to-date: /ros2_ws/install/uav_tunnel_gz/share/uav_tunnel_gz/local_setup.sh
-- Up-to-date: /ros2_ws/install/uav_tunnel_gz/share/uav_tunnel_gz/local_setup.zsh
-- Up-to-date: /ros2_ws/install/uav_tunnel_gz/share/uav_tunnel_gz/local_setup.dsv
-- Installing: /ros2_ws/install/uav_tunnel_gz/share/uav_tunnel_gz/package.dsv
-- Up-to-date: /ros2_ws/install/uav_tunnel_gz/share/ament_index/resource_index/packages/uav_tunnel_gz
-- Up-to-date: /ros2_ws/install/uav_tunnel_gz/share/uav_tunnel_gz/cmake/uav_tunnel_gzConfig.cmake
-- Up-to-date: /ros2_ws/install/uav_tunnel_gz/share/uav_tunnel_gz/cmake/uav_tunnel_gzConfig-version.cmake
-- Up-to-date: /ros2_ws/install/uav_tunnel_gz/share/uav_tunnel_gz/package.xml
