[0.014s] Invoking command in '/ros2_ws/build/uav_tunnel_gz': CMAKE_PREFIX_PATH=${CMAKE_PREFIX_PATH}:/ros2_ws/install/uav_tunnel_nav:/opt/ros/humble /usr/bin/cmake --build /ros2_ws/build/uav_tunnel_gz -- -j10 -l10
[0.058s] [35m[1mConsolidate compiler generated dependencies of target cmd_vel_plugin[0m
[0.077s] [100%] Built target cmd_vel_plugin
[0.089s] Invoked command in '/ros2_ws/build/uav_tunnel_gz' returned '0': CMAKE_PREFIX_PATH=${CMAKE_PREFIX_PATH}:/ros2_ws/install/uav_tunnel_nav:/opt/ros/humble /usr/bin/cmake --build /ros2_ws/build/uav_tunnel_gz -- -j10 -l10
[0.099s] Invoking command in '/ros2_ws/build/uav_tunnel_gz': CMAKE_PREFIX_PATH=${CMAKE_PREFIX_PATH}:/ros2_ws/install/uav_tunnel_nav:/opt/ros/humble /usr/bin/cmake --install /ros2_ws/build/uav_tunnel_gz
[0.106s] -- Install configuration: ""
[0.107s] -- Up-to-date: /ros2_ws/install/uav_tunnel_gz/lib/libcmd_vel_plugin.so
[0.107s] -- Up-to-date: /ros2_ws/install/uav_tunnel_gz/share/uav_tunnel_gz/worlds
[0.107s] -- Up-to-date: /ros2_ws/install/uav_tunnel_gz/share/uav_tunnel_gz/worlds/tunnel.sdf
[0.107s] -- Up-to-date: /ros2_ws/install/uav_tunnel_gz/share/uav_tunnel_gz/models
[0.107s] -- Up-to-date: /ros2_ws/install/uav_tunnel_gz/share/uav_tunnel_gz/models/planar_lidar
[0.107s] -- Up-to-date: /ros2_ws/install/uav_tunnel_gz/share/uav_tunnel_gz/models/planar_lidar/model.config
[0.107s] -- Up-to-date: /ros2_ws/install/uav_tunnel_gz/share/uav_tunnel_gz/models/planar_lidar/planar_lidar.sdf
[0.107s] -- Up-to-date: /ros2_ws/install/uav_tunnel_gz/share/uav_tunnel_gz/models/uav
[0.108s] -- Up-to-date: /ros2_ws/install/uav_tunnel_gz/share/uav_tunnel_gz/models/uav/model.sdf
[0.108s] -- Up-to-date: /ros2_ws/install/uav_tunnel_gz/share/uav_tunnel_gz/models/uav/model.config
[0.108s] -- Up-to-date: /ros2_ws/install/uav_tunnel_gz/share/uav_tunnel_gz/config
[0.108s] -- Up-to-date: /ros2_ws/install/uav_tunnel_gz/share/uav_tunnel_gz/config/as2_tunnel.yaml
[0.108s] -- Up-to-date: /ros2_ws/install/uav_tunnel_gz/share/ament_index/resource_index/package_run_dependencies/uav_tunnel_gz
[0.108s] -- Up-to-date: /ros2_ws/install/uav_tunnel_gz/share/ament_index/resource_index/parent_prefix_path/uav_tunnel_gz
[0.108s] -- Up-to-date: /ros2_ws/install/uav_tunnel_gz/share/uav_tunnel_gz/environment/ament_prefix_path.sh
[0.108s] -- Up-to-date: /ros2_ws/install/uav_tunnel_gz/share/uav_tunnel_gz/environment/ament_prefix_path.dsv
[0.108s] -- Up-to-date: /ros2_ws/install/uav_tunnel_gz/share/uav_tunnel_gz/environment/path.sh
[0.108s] -- Up-to-date: /ros2_ws/install/uav_tunnel_gz/share/uav_tunnel_gz/environment/path.dsv
[0.108s] -- Up-to-date: /ros2_ws/install/uav_tunnel_gz/share/uav_tunnel_gz/local_setup.bash
[0.108s] -- Up-to-date: /ros2_ws/install/uav_tunnel_gz/share/uav_tunnel_gz/local_setup.sh
[0.108s] -- Up-to-date: /ros2_ws/install/uav_tunnel_gz/share/uav_tunnel_gz/local_setup.zsh
[0.108s] -- Up-to-date: /ros2_ws/install/uav_tunnel_gz/share/uav_tunnel_gz/local_setup.dsv
[0.109s] -- Installing: /ros2_ws/install/uav_tunnel_gz/share/uav_tunnel_gz/package.dsv
[0.109s] -- Up-to-date: /ros2_ws/install/uav_tunnel_gz/share/ament_index/resource_index/packages/uav_tunnel_gz
[0.109s] -- Up-to-date: /ros2_ws/install/uav_tunnel_gz/share/uav_tunnel_gz/cmake/uav_tunnel_gzConfig.cmake
[0.109s] -- Up-to-date: /ros2_ws/install/uav_tunnel_gz/share/uav_tunnel_gz/cmake/uav_tunnel_gzConfig-version.cmake
[0.109s] -- Up-to-date: /ros2_ws/install/uav_tunnel_gz/share/uav_tunnel_gz/package.xml
[0.112s] Invoked command in '/ros2_ws/build/uav_tunnel_gz' returned '0': CMAKE_PREFIX_PATH=${CMAKE_PREFIX_PATH}:/ros2_ws/install/uav_tunnel_nav:/opt/ros/humble /usr/bin/cmake --install /ros2_ws/build/uav_tunnel_gz
