[0.102s] DEBUG:colcon:Command line arguments: ['/usr/bin/colcon', 'build']
[0.102s] DEBUG:colcon:Parsed command line arguments: Namespace(log_base=None, log_level=None, verb_name='build', build_base='build', install_base='install', merge_install=False, symlink_install=False, test_result_base=None, continue_on_error=False, executor='parallel', parallel_workers=10, event_handlers=None, ignore_user_meta=False, metas=['./colcon.meta'], base_paths=['.'], packages_ignore=None, packages_ignore_regex=None, paths=None, packages_up_to=None, packages_up_to_regex=None, packages_above=None, packages_above_and_dependencies=None, packages_above_depth=None, packages_select_by_dep=None, packages_skip_by_dep=None, packages_skip_up_to=None, packages_select_build_failed=False, packages_skip_build_finished=False, packages_select_test_failures=False, packages_skip_test_passed=False, packages_select=None, packages_skip=None, packages_select_regex=None, packages_skip_regex=None, packages_start=None, packages_end=None, cmake_args=None, cmake_target=None, cmake_target_skip_unavailable=False, cmake_clean_cache=False, cmake_clean_first=False, cmake_force_configure=False, ament_cmake_args=None, catkin_cmake_args=None, catkin_skip_building_tests=False, mixin_files=None, mixin=None, verb_parser=<colcon_mixin.mixin.mixin_argument.MixinArgumentDecorator object at 0x71d4aba610f0>, verb_extension=<colcon_core.verb.build.BuildVerb object at 0x71d4abbd6650>, main=<bound method BuildVerb.main of <colcon_core.verb.build.BuildVerb object at 0x71d4abbd6650>>, mixin_verb=('build',))
[0.134s] Level 1:colcon.colcon_core.package_discovery:discover_packages(colcon_meta) check parameters
[0.134s] INFO:colcon.colcon_metadata.package_discovery.colcon_meta:Using configuration from '/root/.colcon/metadata/default/Gazebo.meta'
[0.135s] INFO:colcon.colcon_metadata.package_discovery.colcon_meta:Using configuration from '/root/.colcon/metadata/default/fastdds.meta'
[0.135s] INFO:colcon.colcon_metadata.package_discovery.colcon_meta:Using configuration from '/root/.colcon/metadata/default/fastrtps.meta'
[0.135s] Level 1:colcon.colcon_core.package_discovery:discover_packages(recursive) check parameters
[0.135s] Level 1:colcon.colcon_core.package_discovery:discover_packages(ignore) check parameters
[0.135s] Level 1:colcon.colcon_core.package_discovery:discover_packages(path) check parameters
[0.135s] Level 1:colcon.colcon_core.package_discovery:discover_packages(colcon_meta) discover
[0.135s] Level 1:colcon.colcon_core.package_discovery:discover_packages(recursive) discover
[0.135s] INFO:colcon.colcon_core.package_discovery:Crawling recursively for packages in '/ros2_ws'
[0.135s] Level 1:colcon.colcon_core.package_identification:_identify(.) by extensions ['ignore', 'ignore_ament_install']
[0.135s] Level 1:colcon.colcon_core.package_identification:_identify(.) by extension 'ignore'
[0.136s] Level 1:colcon.colcon_core.package_identification:_identify(.) by extension 'ignore_ament_install'
[0.136s] Level 1:colcon.colcon_core.package_identification:_identify(.) by extensions ['colcon_pkg']
[0.136s] Level 1:colcon.colcon_core.package_identification:_identify(.) by extension 'colcon_pkg'
[0.136s] Level 1:colcon.colcon_core.package_identification:_identify(.) by extensions ['colcon_meta']
[0.136s] Level 1:colcon.colcon_core.package_identification:_identify(.) by extension 'colcon_meta'
[0.136s] Level 1:colcon.colcon_core.package_identification:_identify(.) by extensions ['ros']
[0.136s] Level 1:colcon.colcon_core.package_identification:_identify(.) by extension 'ros'
[0.146s] Level 1:colcon.colcon_core.package_identification:_identify(.) by extensions ['cmake', 'python']
[0.146s] Level 1:colcon.colcon_core.package_identification:_identify(.) by extension 'cmake'
[0.146s] Level 1:colcon.colcon_core.package_identification:_identify(.) by extension 'python'
[0.146s] Level 1:colcon.colcon_core.package_identification:_identify(.) by extensions ['python_setup_py']
[0.146s] Level 1:colcon.colcon_core.package_identification:_identify(.) by extension 'python_setup_py'
[0.147s] Level 1:colcon.colcon_core.package_identification:_identify(build) by extensions ['ignore', 'ignore_ament_install']
[0.147s] Level 1:colcon.colcon_core.package_identification:_identify(build) by extension 'ignore'
[0.147s] Level 1:colcon.colcon_core.package_identification:_identify(build) ignored
[0.147s] Level 1:colcon.colcon_core.package_identification:_identify(install) by extensions ['ignore', 'ignore_ament_install']
[0.147s] Level 1:colcon.colcon_core.package_identification:_identify(install) by extension 'ignore'
[0.147s] Level 1:colcon.colcon_core.package_identification:_identify(install) ignored
[0.147s] Level 1:colcon.colcon_core.package_identification:_identify(log) by extensions ['ignore', 'ignore_ament_install']
[0.147s] Level 1:colcon.colcon_core.package_identification:_identify(log) by extension 'ignore'
[0.147s] Level 1:colcon.colcon_core.package_identification:_identify(log) ignored
[0.147s] Level 1:colcon.colcon_core.package_identification:_identify(src) by extensions ['ignore', 'ignore_ament_install']
[0.147s] Level 1:colcon.colcon_core.package_identification:_identify(src) by extension 'ignore'
[0.147s] Level 1:colcon.colcon_core.package_identification:_identify(src) by extension 'ignore_ament_install'
[0.148s] Level 1:colcon.colcon_core.package_identification:_identify(src) by extensions ['colcon_pkg']
[0.148s] Level 1:colcon.colcon_core.package_identification:_identify(src) by extension 'colcon_pkg'
[0.148s] Level 1:colcon.colcon_core.package_identification:_identify(src) by extensions ['colcon_meta']
[0.148s] Level 1:colcon.colcon_core.package_identification:_identify(src) by extension 'colcon_meta'
[0.148s] Level 1:colcon.colcon_core.package_identification:_identify(src) by extensions ['ros']
[0.148s] Level 1:colcon.colcon_core.package_identification:_identify(src) by extension 'ros'
[0.148s] Level 1:colcon.colcon_core.package_identification:_identify(src) by extensions ['cmake', 'python']
[0.148s] Level 1:colcon.colcon_core.package_identification:_identify(src) by extension 'cmake'
[0.148s] Level 1:colcon.colcon_core.package_identification:_identify(src) by extension 'python'
[0.148s] Level 1:colcon.colcon_core.package_identification:_identify(src) by extensions ['python_setup_py']
[0.148s] Level 1:colcon.colcon_core.package_identification:_identify(src) by extension 'python_setup_py'
[0.148s] Level 1:colcon.colcon_core.package_identification:_identify(src/uav_tunnel_gz) by extensions ['ignore', 'ignore_ament_install']
[0.148s] Level 1:colcon.colcon_core.package_identification:_identify(src/uav_tunnel_gz) by extension 'ignore'
[0.148s] Level 1:colcon.colcon_core.package_identification:_identify(src/uav_tunnel_gz) by extension 'ignore_ament_install'
[0.148s] Level 1:colcon.colcon_core.package_identification:_identify(src/uav_tunnel_gz) by extensions ['colcon_pkg']
[0.148s] Level 1:colcon.colcon_core.package_identification:_identify(src/uav_tunnel_gz) by extension 'colcon_pkg'
[0.148s] Level 1:colcon.colcon_core.package_identification:_identify(src/uav_tunnel_gz) by extensions ['colcon_meta']
[0.148s] Level 1:colcon.colcon_core.package_identification:_identify(src/uav_tunnel_gz) by extension 'colcon_meta'
[0.148s] Level 1:colcon.colcon_core.package_identification:_identify(src/uav_tunnel_gz) by extensions ['ros']
[0.148s] Level 1:colcon.colcon_core.package_identification:_identify(src/uav_tunnel_gz) by extension 'ros'
[0.150s] DEBUG:colcon.colcon_core.package_identification:Package 'src/uav_tunnel_gz' with type 'ros.ament_cmake' and name 'uav_tunnel_gz'
[0.150s] Level 1:colcon.colcon_core.package_identification:_identify(src/uav_tunnel_nav) by extensions ['ignore', 'ignore_ament_install']
[0.150s] Level 1:colcon.colcon_core.package_identification:_identify(src/uav_tunnel_nav) by extension 'ignore'
[0.150s] Level 1:colcon.colcon_core.package_identification:_identify(src/uav_tunnel_nav) by extension 'ignore_ament_install'
[0.150s] Level 1:colcon.colcon_core.package_identification:_identify(src/uav_tunnel_nav) by extensions ['colcon_pkg']
[0.150s] Level 1:colcon.colcon_core.package_identification:_identify(src/uav_tunnel_nav) by extension 'colcon_pkg'
[0.150s] Level 1:colcon.colcon_core.package_identification:_identify(src/uav_tunnel_nav) by extensions ['colcon_meta']
[0.150s] Level 1:colcon.colcon_core.package_identification:_identify(src/uav_tunnel_nav) by extension 'colcon_meta'
[0.150s] Level 1:colcon.colcon_core.package_identification:_identify(src/uav_tunnel_nav) by extensions ['ros']
[0.150s] Level 1:colcon.colcon_core.package_identification:_identify(src/uav_tunnel_nav) by extension 'ros'
[0.151s] DEBUG:colcon.colcon_core.package_identification:Package 'src/uav_tunnel_nav' with type 'ros.ament_python' and name 'uav_tunnel_nav'
[0.151s] Level 1:colcon.colcon_core.package_discovery:discover_packages(recursive) using defaults
[0.151s] Level 1:colcon.colcon_core.package_discovery:discover_packages(ignore) discover
[0.151s] Level 1:colcon.colcon_core.package_discovery:discover_packages(ignore) using defaults
[0.151s] Level 1:colcon.colcon_core.package_discovery:discover_packages(path) discover
[0.151s] Level 1:colcon.colcon_core.package_discovery:discover_packages(path) using defaults
[0.165s] Level 5:colcon.colcon_core.verb:set package 'uav_tunnel_gz' build argument 'cmake_args' from command line to 'None'
[0.165s] Level 5:colcon.colcon_core.verb:set package 'uav_tunnel_gz' build argument 'cmake_target' from command line to 'None'
[0.165s] Level 5:colcon.colcon_core.verb:set package 'uav_tunnel_gz' build argument 'cmake_target_skip_unavailable' from command line to 'False'
[0.165s] Level 5:colcon.colcon_core.verb:set package 'uav_tunnel_gz' build argument 'cmake_clean_cache' from command line to 'False'
[0.165s] Level 5:colcon.colcon_core.verb:set package 'uav_tunnel_gz' build argument 'cmake_clean_first' from command line to 'False'
[0.165s] Level 5:colcon.colcon_core.verb:set package 'uav_tunnel_gz' build argument 'cmake_force_configure' from command line to 'False'
[0.165s] Level 5:colcon.colcon_core.verb:set package 'uav_tunnel_gz' build argument 'ament_cmake_args' from command line to 'None'
[0.165s] Level 5:colcon.colcon_core.verb:set package 'uav_tunnel_gz' build argument 'catkin_cmake_args' from command line to 'None'
[0.165s] Level 5:colcon.colcon_core.verb:set package 'uav_tunnel_gz' build argument 'catkin_skip_building_tests' from command line to 'False'
[0.165s] DEBUG:colcon.colcon_core.verb:Building package 'uav_tunnel_gz' with the following arguments: {'ament_cmake_args': None, 'build_base': '/ros2_ws/build/uav_tunnel_gz', 'catkin_cmake_args': None, 'catkin_skip_building_tests': False, 'cmake_args': None, 'cmake_clean_cache': False, 'cmake_clean_first': False, 'cmake_force_configure': False, 'cmake_target': None, 'cmake_target_skip_unavailable': False, 'install_base': '/ros2_ws/install/uav_tunnel_gz', 'merge_install': False, 'path': '/ros2_ws/src/uav_tunnel_gz', 'symlink_install': False, 'test_result_base': None}
[0.165s] Level 5:colcon.colcon_core.verb:set package 'uav_tunnel_nav' build argument 'cmake_args' from command line to 'None'
[0.165s] Level 5:colcon.colcon_core.verb:set package 'uav_tunnel_nav' build argument 'cmake_target' from command line to 'None'
[0.165s] Level 5:colcon.colcon_core.verb:set package 'uav_tunnel_nav' build argument 'cmake_target_skip_unavailable' from command line to 'False'
[0.165s] Level 5:colcon.colcon_core.verb:set package 'uav_tunnel_nav' build argument 'cmake_clean_cache' from command line to 'False'
[0.165s] Level 5:colcon.colcon_core.verb:set package 'uav_tunnel_nav' build argument 'cmake_clean_first' from command line to 'False'
[0.165s] Level 5:colcon.colcon_core.verb:set package 'uav_tunnel_nav' build argument 'cmake_force_configure' from command line to 'False'
[0.165s] Level 5:colcon.colcon_core.verb:set package 'uav_tunnel_nav' build argument 'ament_cmake_args' from command line to 'None'
[0.165s] Level 5:colcon.colcon_core.verb:set package 'uav_tunnel_nav' build argument 'catkin_cmake_args' from command line to 'None'
[0.165s] Level 5:colcon.colcon_core.verb:set package 'uav_tunnel_nav' build argument 'catkin_skip_building_tests' from command line to 'False'
[0.165s] DEBUG:colcon.colcon_core.verb:Building package 'uav_tunnel_nav' with the following arguments: {'ament_cmake_args': None, 'build_base': '/ros2_ws/build/uav_tunnel_nav', 'catkin_cmake_args': None, 'catkin_skip_building_tests': False, 'cmake_args': None, 'cmake_clean_cache': False, 'cmake_clean_first': False, 'cmake_force_configure': False, 'cmake_target': None, 'cmake_target_skip_unavailable': False, 'install_base': '/ros2_ws/install/uav_tunnel_nav', 'merge_install': False, 'path': '/ros2_ws/src/uav_tunnel_nav', 'symlink_install': False, 'test_result_base': None}
[0.165s] INFO:colcon.colcon_core.executor:Executing jobs using 'parallel' executor
[0.166s] DEBUG:colcon.colcon_parallel_executor.executor.parallel:run_until_complete
[0.166s] INFO:colcon.colcon_ros.task.ament_cmake.build:Building ROS package in '/ros2_ws/src/uav_tunnel_gz' with build type 'ament_cmake'
[0.167s] INFO:colcon.colcon_cmake.task.cmake.build:Building CMake package in '/ros2_ws/src/uav_tunnel_gz'
[0.168s] INFO:colcon.colcon_core.plugin_system:Skipping extension 'colcon_core.shell.bat': Not used on non-Windows systems
[0.169s] INFO:colcon.colcon_core.shell:Skip shell extension 'powershell' for command environment: Not usable outside of PowerShell
[0.169s] DEBUG:colcon.colcon_core.shell:Skip shell extension 'dsv' for command environment
[0.182s] DEBUG:colcon.colcon_core.event_handler.log_command:Invoking command in '/ros2_ws/build/uav_tunnel_gz': CMAKE_PREFIX_PATH=/opt/ros/humble /usr/bin/cmake /ros2_ws/src/uav_tunnel_gz -DCMAKE_INSTALL_PREFIX=/ros2_ws/install/uav_tunnel_gz
[2.166s] DEBUG:colcon.colcon_core.event_handler.log_command:Invoked command in '/ros2_ws/build/uav_tunnel_gz' returned '0': CMAKE_PREFIX_PATH=/opt/ros/humble /usr/bin/cmake /ros2_ws/src/uav_tunnel_gz -DCMAKE_INSTALL_PREFIX=/ros2_ws/install/uav_tunnel_gz
[2.168s] DEBUG:colcon.colcon_core.event_handler.log_command:Invoking command in '/ros2_ws/build/uav_tunnel_gz': CMAKE_PREFIX_PATH=/opt/ros/humble /usr/bin/cmake --build /ros2_ws/build/uav_tunnel_gz -- -j10 -l10
[5.274s] DEBUG:colcon.colcon_core.event_handler.log_command:Invoked command in '/ros2_ws/build/uav_tunnel_gz' returned '0': CMAKE_PREFIX_PATH=/opt/ros/humble /usr/bin/cmake --build /ros2_ws/build/uav_tunnel_gz -- -j10 -l10
[5.285s] DEBUG:colcon.colcon_core.event_handler.log_command:Invoking command in '/ros2_ws/build/uav_tunnel_gz': CMAKE_PREFIX_PATH=/opt/ros/humble /usr/bin/cmake --install /ros2_ws/build/uav_tunnel_gz
[5.307s] Level 1:colcon.colcon_core.environment:create_environment_scripts_only(uav_tunnel_gz)
[5.308s] DEBUG:colcon.colcon_core.event_handler.log_command:Invoked command in '/ros2_ws/build/uav_tunnel_gz' returned '0': CMAKE_PREFIX_PATH=/opt/ros/humble /usr/bin/cmake --install /ros2_ws/build/uav_tunnel_gz
[5.310s] Level 1:colcon.colcon_core.environment:checking '/ros2_ws/install/uav_tunnel_gz' for CMake module files
[5.310s] Level 1:colcon.colcon_core.environment:checking '/ros2_ws/install/uav_tunnel_gz' for CMake config files
[5.310s] Level 1:colcon.colcon_core.shell:create_environment_hook('uav_tunnel_gz', 'cmake_prefix_path')
[5.311s] INFO:colcon.colcon_core.shell:Creating environment hook '/ros2_ws/install/uav_tunnel_gz/share/uav_tunnel_gz/hook/cmake_prefix_path.ps1'
[5.312s] INFO:colcon.colcon_core.shell:Creating environment descriptor '/ros2_ws/install/uav_tunnel_gz/share/uav_tunnel_gz/hook/cmake_prefix_path.dsv'
[5.312s] INFO:colcon.colcon_core.shell:Creating environment hook '/ros2_ws/install/uav_tunnel_gz/share/uav_tunnel_gz/hook/cmake_prefix_path.sh'
[5.313s] Level 1:colcon.colcon_core.environment:checking '/ros2_ws/install/uav_tunnel_gz/lib'
[5.313s] Level 1:colcon.colcon_core.shell:create_environment_hook('uav_tunnel_gz', 'ld_library_path_lib')
[5.314s] INFO:colcon.colcon_core.shell:Creating environment hook '/ros2_ws/install/uav_tunnel_gz/share/uav_tunnel_gz/hook/ld_library_path_lib.ps1'
[5.314s] INFO:colcon.colcon_core.shell:Creating environment descriptor '/ros2_ws/install/uav_tunnel_gz/share/uav_tunnel_gz/hook/ld_library_path_lib.dsv'
[5.314s] INFO:colcon.colcon_core.shell:Creating environment hook '/ros2_ws/install/uav_tunnel_gz/share/uav_tunnel_gz/hook/ld_library_path_lib.sh'
[5.315s] Level 1:colcon.colcon_core.environment:checking '/ros2_ws/install/uav_tunnel_gz/bin'
[5.315s] Level 1:colcon.colcon_core.environment:checking '/ros2_ws/install/uav_tunnel_gz/lib/pkgconfig/uav_tunnel_gz.pc'
[5.315s] Level 1:colcon.colcon_core.environment:checking '/ros2_ws/install/uav_tunnel_gz/lib/python3.10/site-packages'
[5.316s] Level 1:colcon.colcon_core.environment:checking '/ros2_ws/install/uav_tunnel_gz/bin'
[5.316s] INFO:colcon.colcon_core.shell:Creating package script '/ros2_ws/install/uav_tunnel_gz/share/uav_tunnel_gz/package.ps1'
[5.317s] INFO:colcon.colcon_core.shell:Creating package descriptor '/ros2_ws/install/uav_tunnel_gz/share/uav_tunnel_gz/package.dsv'
[5.317s] INFO:colcon.colcon_core.shell:Creating package script '/ros2_ws/install/uav_tunnel_gz/share/uav_tunnel_gz/package.sh'
[5.318s] INFO:colcon.colcon_core.shell:Creating package script '/ros2_ws/install/uav_tunnel_gz/share/uav_tunnel_gz/package.bash'
[5.319s] INFO:colcon.colcon_core.shell:Creating package script '/ros2_ws/install/uav_tunnel_gz/share/uav_tunnel_gz/package.zsh'
[5.319s] Level 1:colcon.colcon_core.environment:create_file_with_runtime_dependencies(/ros2_ws/install/uav_tunnel_gz/share/colcon-core/packages/uav_tunnel_gz)
[5.320s] Level 1:colcon.colcon_core.environment:create_environment_scripts_only(uav_tunnel_gz)
[5.321s] Level 1:colcon.colcon_core.environment:checking '/ros2_ws/install/uav_tunnel_gz' for CMake module files
[5.321s] Level 1:colcon.colcon_core.environment:checking '/ros2_ws/install/uav_tunnel_gz' for CMake config files
[5.321s] Level 1:colcon.colcon_core.shell:create_environment_hook('uav_tunnel_gz', 'cmake_prefix_path')
[5.321s] INFO:colcon.colcon_core.shell:Creating environment hook '/ros2_ws/install/uav_tunnel_gz/share/uav_tunnel_gz/hook/cmake_prefix_path.ps1'
[5.322s] INFO:colcon.colcon_core.shell:Creating environment descriptor '/ros2_ws/install/uav_tunnel_gz/share/uav_tunnel_gz/hook/cmake_prefix_path.dsv'
[5.322s] INFO:colcon.colcon_core.shell:Creating environment hook '/ros2_ws/install/uav_tunnel_gz/share/uav_tunnel_gz/hook/cmake_prefix_path.sh'
[5.322s] Level 1:colcon.colcon_core.environment:checking '/ros2_ws/install/uav_tunnel_gz/lib'
[5.322s] Level 1:colcon.colcon_core.shell:create_environment_hook('uav_tunnel_gz', 'ld_library_path_lib')
[5.323s] INFO:colcon.colcon_core.shell:Creating environment hook '/ros2_ws/install/uav_tunnel_gz/share/uav_tunnel_gz/hook/ld_library_path_lib.ps1'
[5.323s] INFO:colcon.colcon_core.shell:Creating environment descriptor '/ros2_ws/install/uav_tunnel_gz/share/uav_tunnel_gz/hook/ld_library_path_lib.dsv'
[5.323s] INFO:colcon.colcon_core.shell:Creating environment hook '/ros2_ws/install/uav_tunnel_gz/share/uav_tunnel_gz/hook/ld_library_path_lib.sh'
[5.323s] Level 1:colcon.colcon_core.environment:checking '/ros2_ws/install/uav_tunnel_gz/bin'
[5.323s] Level 1:colcon.colcon_core.environment:checking '/ros2_ws/install/uav_tunnel_gz/lib/pkgconfig/uav_tunnel_gz.pc'
[5.324s] Level 1:colcon.colcon_core.environment:checking '/ros2_ws/install/uav_tunnel_gz/lib/python3.10/site-packages'
[5.324s] Level 1:colcon.colcon_core.environment:checking '/ros2_ws/install/uav_tunnel_gz/bin'
[5.324s] INFO:colcon.colcon_core.shell:Creating package script '/ros2_ws/install/uav_tunnel_gz/share/uav_tunnel_gz/package.ps1'
[5.325s] INFO:colcon.colcon_core.shell:Creating package descriptor '/ros2_ws/install/uav_tunnel_gz/share/uav_tunnel_gz/package.dsv'
[5.325s] INFO:colcon.colcon_core.shell:Creating package script '/ros2_ws/install/uav_tunnel_gz/share/uav_tunnel_gz/package.sh'
[5.326s] INFO:colcon.colcon_core.shell:Creating package script '/ros2_ws/install/uav_tunnel_gz/share/uav_tunnel_gz/package.bash'
[5.326s] INFO:colcon.colcon_core.shell:Creating package script '/ros2_ws/install/uav_tunnel_gz/share/uav_tunnel_gz/package.zsh'
[5.326s] Level 1:colcon.colcon_core.environment:create_file_with_runtime_dependencies(/ros2_ws/install/uav_tunnel_gz/share/colcon-core/packages/uav_tunnel_gz)
[5.327s] INFO:colcon.colcon_ros.task.ament_python.build:Building ROS package in '/ros2_ws/src/uav_tunnel_nav' with build type 'ament_python'
[5.327s] Level 1:colcon.colcon_core.shell:create_environment_hook('uav_tunnel_nav', 'ament_prefix_path')
[5.327s] INFO:colcon.colcon_core.shell:Creating environment hook '/ros2_ws/install/uav_tunnel_nav/share/uav_tunnel_nav/hook/ament_prefix_path.ps1'
[5.329s] INFO:colcon.colcon_core.shell:Creating environment descriptor '/ros2_ws/install/uav_tunnel_nav/share/uav_tunnel_nav/hook/ament_prefix_path.dsv'
[5.330s] INFO:colcon.colcon_core.shell:Creating environment hook '/ros2_ws/install/uav_tunnel_nav/share/uav_tunnel_nav/hook/ament_prefix_path.sh'
[5.330s] INFO:colcon.colcon_core.shell:Skip shell extension 'powershell' for command environment: Not usable outside of PowerShell
[5.330s] DEBUG:colcon.colcon_core.shell:Skip shell extension 'dsv' for command environment
[5.493s] INFO:colcon.colcon_core.task.python.build:Building Python package in '/ros2_ws/src/uav_tunnel_nav'
[5.494s] INFO:colcon.colcon_core.shell:Skip shell extension 'powershell' for command environment: Not usable outside of PowerShell
[5.494s] DEBUG:colcon.colcon_core.shell:Skip shell extension 'dsv' for command environment
[5.791s] DEBUG:colcon.colcon_core.event_handler.log_command:Invoking command in '/ros2_ws/src/uav_tunnel_nav': AMENT_PREFIX_PATH=/ros2_ws/install/uav_tunnel_gz:${AMENT_PREFIX_PATH} CMAKE_PREFIX_PATH=/ros2_ws/install/uav_tunnel_gz LD_LIBRARY_PATH=/ros2_ws/install/uav_tunnel_gz/lib:${LD_LIBRARY_PATH} PYTHONPATH=/ros2_ws/build/uav_tunnel_nav/prefix_override:/usr/lib/python3/dist-packages/colcon_core/task/python/colcon_distutils_commands:/ros2_ws/install/uav_tunnel_nav/lib/python3.10/site-packages:${PYTHONPATH} /usr/bin/python3 -W ignore:setup.py install is deprecated -W ignore:easy_install command is deprecated setup.py egg_info --egg-base ../../build/uav_tunnel_nav build --build-base /ros2_ws/build/uav_tunnel_nav/build install --record /ros2_ws/build/uav_tunnel_nav/install.log --single-version-externally-managed install_data
[6.118s] Level 1:colcon.colcon_core.environment:checking '/ros2_ws/install/uav_tunnel_nav' for CMake module files
[6.119s] DEBUG:colcon.colcon_core.event_handler.log_command:Invoked command in '/ros2_ws/src/uav_tunnel_nav' returned '0': AMENT_PREFIX_PATH=/ros2_ws/install/uav_tunnel_gz:${AMENT_PREFIX_PATH} CMAKE_PREFIX_PATH=/ros2_ws/install/uav_tunnel_gz LD_LIBRARY_PATH=/ros2_ws/install/uav_tunnel_gz/lib:${LD_LIBRARY_PATH} PYTHONPATH=/ros2_ws/build/uav_tunnel_nav/prefix_override:/usr/lib/python3/dist-packages/colcon_core/task/python/colcon_distutils_commands:/ros2_ws/install/uav_tunnel_nav/lib/python3.10/site-packages:${PYTHONPATH} /usr/bin/python3 -W ignore:setup.py install is deprecated -W ignore:easy_install command is deprecated setup.py egg_info --egg-base ../../build/uav_tunnel_nav build --build-base /ros2_ws/build/uav_tunnel_nav/build install --record /ros2_ws/build/uav_tunnel_nav/install.log --single-version-externally-managed install_data
[6.119s] Level 1:colcon.colcon_core.environment:checking '/ros2_ws/install/uav_tunnel_nav' for CMake config files
[6.120s] Level 1:colcon.colcon_core.environment:checking '/ros2_ws/install/uav_tunnel_nav/lib'
[6.120s] Level 1:colcon.colcon_core.environment:checking '/ros2_ws/install/uav_tunnel_nav/bin'
[6.120s] Level 1:colcon.colcon_core.environment:checking '/ros2_ws/install/uav_tunnel_nav/lib/pkgconfig/uav_tunnel_nav.pc'
[6.120s] Level 1:colcon.colcon_core.environment:checking '/ros2_ws/install/uav_tunnel_nav/lib/python3.10/site-packages'
[6.120s] Level 1:colcon.colcon_core.shell:create_environment_hook('uav_tunnel_nav', 'pythonpath')
[6.120s] INFO:colcon.colcon_core.shell:Creating environment hook '/ros2_ws/install/uav_tunnel_nav/share/uav_tunnel_nav/hook/pythonpath.ps1'
[6.121s] INFO:colcon.colcon_core.shell:Creating environment descriptor '/ros2_ws/install/uav_tunnel_nav/share/uav_tunnel_nav/hook/pythonpath.dsv'
[6.121s] INFO:colcon.colcon_core.shell:Creating environment hook '/ros2_ws/install/uav_tunnel_nav/share/uav_tunnel_nav/hook/pythonpath.sh'
[6.122s] Level 1:colcon.colcon_core.environment:checking '/ros2_ws/install/uav_tunnel_nav/bin'
[6.122s] Level 1:colcon.colcon_core.environment:create_environment_scripts_only(uav_tunnel_nav)
[6.122s] INFO:colcon.colcon_core.shell:Creating package script '/ros2_ws/install/uav_tunnel_nav/share/uav_tunnel_nav/package.ps1'
[6.122s] INFO:colcon.colcon_core.shell:Creating package descriptor '/ros2_ws/install/uav_tunnel_nav/share/uav_tunnel_nav/package.dsv'
[6.123s] INFO:colcon.colcon_core.shell:Creating package script '/ros2_ws/install/uav_tunnel_nav/share/uav_tunnel_nav/package.sh'
[6.123s] INFO:colcon.colcon_core.shell:Creating package script '/ros2_ws/install/uav_tunnel_nav/share/uav_tunnel_nav/package.bash'
[6.124s] INFO:colcon.colcon_core.shell:Creating package script '/ros2_ws/install/uav_tunnel_nav/share/uav_tunnel_nav/package.zsh'
[6.124s] Level 1:colcon.colcon_core.environment:create_file_with_runtime_dependencies(/ros2_ws/install/uav_tunnel_nav/share/colcon-core/packages/uav_tunnel_nav)
[6.126s] DEBUG:colcon.colcon_parallel_executor.executor.parallel:closing loop
[6.126s] DEBUG:colcon.colcon_parallel_executor.executor.parallel:loop closed
[6.126s] DEBUG:colcon.colcon_parallel_executor.executor.parallel:run_until_complete finished with '0'
[6.126s] DEBUG:colcon.colcon_core.event_reactor:joining thread
[6.131s] INFO:colcon.colcon_core.plugin_system:Skipping extension 'colcon_notification.desktop_notification.notify_send': Could not find 'notify-send'
[6.131s] INFO:colcon.colcon_core.plugin_system:Skipping extension 'colcon_notification.desktop_notification.terminal_notifier': Not used on non-Darwin systems
[6.131s] INFO:colcon.colcon_core.plugin_system:Skipping extension 'colcon_notification.desktop_notification.win32': Not used on non-Windows systems
[6.131s] INFO:colcon.colcon_notification.desktop_notification:Sending desktop notification using 'notify2'
[6.134s] DEBUG:colcon.colcon_notification.desktop_notification.notify2:Failed to initialize notify2: org.freedesktop.DBus.Error.Spawn.ExecFailed: /usr/bin/dbus-launch terminated abnormally without any error message
[6.134s] DEBUG:colcon.colcon_core.event_reactor:joined thread
[6.135s] INFO:colcon.colcon_core.shell:Creating prefix script '/ros2_ws/install/local_setup.ps1'
[6.136s] INFO:colcon.colcon_core.shell:Creating prefix util module '/ros2_ws/install/_local_setup_util_ps1.py'
[6.136s] INFO:colcon.colcon_core.shell:Creating prefix chain script '/ros2_ws/install/setup.ps1'
[6.137s] INFO:colcon.colcon_core.shell:Creating prefix script '/ros2_ws/install/local_setup.sh'
[6.138s] INFO:colcon.colcon_core.shell:Creating prefix util module '/ros2_ws/install/_local_setup_util_sh.py'
[6.138s] INFO:colcon.colcon_core.shell:Creating prefix chain script '/ros2_ws/install/setup.sh'
[6.139s] INFO:colcon.colcon_core.shell:Creating prefix script '/ros2_ws/install/local_setup.bash'
[6.139s] INFO:colcon.colcon_core.shell:Creating prefix chain script '/ros2_ws/install/setup.bash'
[6.140s] INFO:colcon.colcon_core.shell:Creating prefix script '/ros2_ws/install/local_setup.zsh'
[6.141s] INFO:colcon.colcon_core.shell:Creating prefix chain script '/ros2_ws/install/setup.zsh'
