[0.389s] Invoking command in '/ros2_ws/src/uav_tunnel_nav': PYTHONPATH=/ros2_ws/build/uav_tunnel_nav/prefix_override:/usr/lib/python3/dist-packages/colcon_core/task/python/colcon_distutils_commands:/ros2_ws/install/uav_tunnel_nav/lib/python3.10/site-packages:${PYTHONPATH} /usr/bin/python3 -W ignore:setup.py install is deprecated -W ignore:easy_install command is deprecated setup.py egg_info --egg-base ../../build/uav_tunnel_nav build --build-base /ros2_ws/build/uav_tunnel_nav/build install --record /ros2_ws/build/uav_tunnel_nav/install.log --single-version-externally-managed install_data
[0.534s] running egg_info
[0.541s] writing ../../build/uav_tunnel_nav/uav_tunnel_nav.egg-info/PKG-INFO
[0.542s] writing dependency_links to ../../build/uav_tunnel_nav/uav_tunnel_nav.egg-info/dependency_links.txt
[0.542s] writing entry points to ../../build/uav_tunnel_nav/uav_tunnel_nav.egg-info/entry_points.txt
[0.542s] writing requirements to ../../build/uav_tunnel_nav/uav_tunnel_nav.egg-info/requires.txt
[0.542s] writing top-level names to ../../build/uav_tunnel_nav/uav_tunnel_nav.egg-info/top_level.txt
[0.558s] reading manifest file '../../build/uav_tunnel_nav/uav_tunnel_nav.egg-info/SOURCES.txt'
[0.559s] writing manifest file '../../build/uav_tunnel_nav/uav_tunnel_nav.egg-info/SOURCES.txt'
[0.559s] running build
[0.559s] running build_py
[0.559s] copying uav_tunnel_nav/basic_odometry.py -> /ros2_ws/build/uav_tunnel_nav/build/lib/uav_tunnel_nav
[0.559s] copying uav_tunnel_nav/vio_watchdog.py -> /ros2_ws/build/uav_tunnel_nav/build/lib/uav_tunnel_nav
[0.559s] copying uav_tunnel_nav/baro_to_pose.py -> /ros2_ws/build/uav_tunnel_nav/build/lib/uav_tunnel_nav
[0.560s] copying uav_tunnel_nav/tunnel_navigator.py -> /ros2_ws/build/uav_tunnel_nav/build/lib/uav_tunnel_nav
[0.560s] copying uav_tunnel_nav/imu_reframe.py -> /ros2_ws/build/uav_tunnel_nav/build/lib/uav_tunnel_nav
[0.560s] copying uav_tunnel_nav/__init__.py -> /ros2_ws/build/uav_tunnel_nav/build/lib/uav_tunnel_nav
[0.560s] copying uav_tunnel_nav/mag_to_yaw.py -> /ros2_ws/build/uav_tunnel_nav/build/lib/uav_tunnel_nav
[0.560s] copying uav_tunnel_nav/gt_to_vio_odom.py -> /ros2_ws/build/uav_tunnel_nav/build/lib/uav_tunnel_nav
[0.561s] copying uav_tunnel_nav/scan_reframe.py -> /ros2_ws/build/uav_tunnel_nav/build/lib/uav_tunnel_nav
[0.561s] running install
[0.563s] running install_lib
[0.571s] running install_data
[0.571s] copying resource/uav_tunnel_nav -> /ros2_ws/install/uav_tunnel_nav/share/ament_index/resource_index/packages
[0.572s] copying package.xml -> /ros2_ws/install/uav_tunnel_nav/share/uav_tunnel_nav
[0.572s] copying launch/bringup.launch.py -> /ros2_ws/install/uav_tunnel_nav/share/uav_tunnel_nav/launch
[0.572s] copying launch/bringup_as2.launch.py -> /ros2_ws/install/uav_tunnel_nav/share/uav_tunnel_nav/launch
[0.572s] copying config/ekf.yaml -> /ros2_ws/install/uav_tunnel_nav/share/uav_tunnel_nav/config
[0.572s] copying config/slam_toolbox.yaml -> /ros2_ws/install/uav_tunnel_nav/share/uav_tunnel_nav/config
[0.573s] copying rviz/uav_tunnel.rviz -> /ros2_ws/install/uav_tunnel_nav/share/uav_tunnel_nav/rviz
[0.573s] running install_egg_info
[0.581s] removing '/ros2_ws/install/uav_tunnel_nav/lib/python3.10/site-packages/uav_tunnel_nav-0.1.0-py3.10.egg-info' (and everything under it)
[0.582s] Copying ../../build/uav_tunnel_nav/uav_tunnel_nav.egg-info to /ros2_ws/install/uav_tunnel_nav/lib/python3.10/site-packages/uav_tunnel_nav-0.1.0-py3.10.egg-info
[0.583s] running install_scripts
[0.599s] Installing baro_to_pose script to /ros2_ws/install/uav_tunnel_nav/lib/uav_tunnel_nav
[0.599s] Installing basic_odometry script to /ros2_ws/install/uav_tunnel_nav/lib/uav_tunnel_nav
[0.599s] Installing gt_to_vio_odom script to /ros2_ws/install/uav_tunnel_nav/lib/uav_tunnel_nav
[0.599s] Installing imu_reframe script to /ros2_ws/install/uav_tunnel_nav/lib/uav_tunnel_nav
[0.600s] Installing mag_to_yaw script to /ros2_ws/install/uav_tunnel_nav/lib/uav_tunnel_nav
[0.600s] Installing scan_reframe script to /ros2_ws/install/uav_tunnel_nav/lib/uav_tunnel_nav
[0.600s] Installing tunnel_navigator script to /ros2_ws/install/uav_tunnel_nav/lib/uav_tunnel_nav
[0.600s] Installing vio_watchdog script to /ros2_ws/install/uav_tunnel_nav/lib/uav_tunnel_nav
[0.601s] writing list of installed files to '/ros2_ws/build/uav_tunnel_nav/install.log'
[0.618s] Invoked command in '/ros2_ws/src/uav_tunnel_nav' returned '0': PYTHONPATH=/ros2_ws/build/uav_tunnel_nav/prefix_override:/usr/lib/python3/dist-packages/colcon_core/task/python/colcon_distutils_commands:/ros2_ws/install/uav_tunnel_nav/lib/python3.10/site-packages:${PYTHONPATH} /usr/bin/python3 -W ignore:setup.py install is deprecated -W ignore:easy_install command is deprecated setup.py egg_info --egg-base ../../build/uav_tunnel_nav build --build-base /ros2_ws/build/uav_tunnel_nav/build install --record /ros2_ws/build/uav_tunnel_nav/install.log --single-version-externally-managed install_data
