running egg_info
creating ../../build/uav_tunnel_nav/uav_tunnel_nav.egg-info
writing ../../build/uav_tunnel_nav/uav_tunnel_nav.egg-info/PKG-INFO
writing dependency_links to ../../build/uav_tunnel_nav/uav_tunnel_nav.egg-info/dependency_links.txt
writing entry points to ../../build/uav_tunnel_nav/uav_tunnel_nav.egg-info/entry_points.txt
writing requirements to ../../build/uav_tunnel_nav/uav_tunnel_nav.egg-info/requires.txt
writing top-level names to ../../build/uav_tunnel_nav/uav_tunnel_nav.egg-info/top_level.txt
writing manifest file '../../build/uav_tunnel_nav/uav_tunnel_nav.egg-info/SOURCES.txt'
reading manifest file '../../build/uav_tunnel_nav/uav_tunnel_nav.egg-info/SOURCES.txt'
writing manifest file '../../build/uav_tunnel_nav/uav_tunnel_nav.egg-info/SOURCES.txt'
running build
running build_py
creating /ros2_ws/build/uav_tunnel_nav/build/lib/uav_tunnel_nav
copying uav_tunnel_nav/basic_odometry.py -> /ros2_ws/build/uav_tunnel_nav/build/lib/uav_tunnel_nav
copying uav_tunnel_nav/vio_watchdog.py -> /ros2_ws/build/uav_tunnel_nav/build/lib/uav_tunnel_nav
copying uav_tunnel_nav/baro_to_pose.py -> /ros2_ws/build/uav_tunnel_nav/build/lib/uav_tunnel_nav
copying uav_tunnel_nav/tunnel_navigator.py -> /ros2_ws/build/uav_tunnel_nav/build/lib/uav_tunnel_nav
copying uav_tunnel_nav/imu_reframe.py -> /ros2_ws/build/uav_tunnel_nav/build/lib/uav_tunnel_nav
copying uav_tunnel_nav/__init__.py -> /ros2_ws/build/uav_tunnel_nav/build/lib/uav_tunnel_nav
copying uav_tunnel_nav/mag_to_yaw.py -> /ros2_ws/build/uav_tunnel_nav/build/lib/uav_tunnel_nav
copying uav_tunnel_nav/gt_to_vio_odom.py -> /ros2_ws/build/uav_tunnel_nav/build/lib/uav_tunnel_nav
copying uav_tunnel_nav/scan_reframe.py -> /ros2_ws/build/uav_tunnel_nav/build/lib/uav_tunnel_nav
running install
running install_lib
creating /ros2_ws/install/uav_tunnel_nav/lib/python3.10/site-packages/uav_tunnel_nav
copying /ros2_ws/build/uav_tunnel_nav/build/lib/uav_tunnel_nav/basic_odometry.py -> /ros2_ws/install/uav_tunnel_nav/lib/python3.10/site-packages/uav_tunnel_nav
copying /ros2_ws/build/uav_tunnel_nav/build/lib/uav_tunnel_nav/vio_watchdog.py -> /ros2_ws/install/uav_tunnel_nav/lib/python3.10/site-packages/uav_tunnel_nav
copying /ros2_ws/build/uav_tunnel_nav/build/lib/uav_tunnel_nav/baro_to_pose.py -> /ros2_ws/install/uav_tunnel_nav/lib/python3.10/site-packages/uav_tunnel_nav
copying /ros2_ws/build/uav_tunnel_nav/build/lib/uav_tunnel_nav/tunnel_navigator.py -> /ros2_ws/install/uav_tunnel_nav/lib/python3.10/site-packages/uav_tunnel_nav
copying /ros2_ws/build/uav_tunnel_nav/build/lib/uav_tunnel_nav/imu_reframe.py -> /ros2_ws/install/uav_tunnel_nav/lib/python3.10/site-packages/uav_tunnel_nav
copying /ros2_ws/build/uav_tunnel_nav/build/lib/uav_tunnel_nav/__init__.py -> /ros2_ws/install/uav_tunnel_nav/lib/python3.10/site-packages/uav_tunnel_nav
copying /ros2_ws/build/uav_tunnel_nav/build/lib/uav_tunnel_nav/mag_to_yaw.py -> /ros2_ws/install/uav_tunnel_nav/lib/python3.10/site-packages/uav_tunnel_nav
copying /ros2_ws/build/uav_tunnel_nav/build/lib/uav_tunnel_nav/gt_to_vio_odom.py -> /ros2_ws/install/uav_tunnel_nav/lib/python3.10/site-packages/uav_tunnel_nav
copying /ros2_ws/build/uav_tunnel_nav/build/lib/uav_tunnel_nav/scan_reframe.py -> /ros2_ws/install/uav_tunnel_nav/lib/python3.10/site-packages/uav_tunnel_nav
byte-compiling /ros2_ws/install/uav_tunnel_nav/lib/python3.10/site-packages/uav_tunnel_nav/basic_odometry.py to basic_odometry.cpython-310.pyc
byte-compiling /ros2_ws/install/uav_tunnel_nav/lib/python3.10/site-packages/uav_tunnel_nav/vio_watchdog.py to vio_watchdog.cpython-310.pyc
byte-compiling /ros2_ws/install/uav_tunnel_nav/lib/python3.10/site-packages/uav_tunnel_nav/baro_to_pose.py to baro_to_pose.cpython-310.pyc
byte-compiling /ros2_ws/install/uav_tunnel_nav/lib/python3.10/site-packages/uav_tunnel_nav/tunnel_navigator.py to tunnel_navigator.cpython-310.pyc
byte-compiling /ros2_ws/install/uav_tunnel_nav/lib/python3.10/site-packages/uav_tunnel_nav/imu_reframe.py to imu_reframe.cpython-310.pyc
byte-compiling /ros2_ws/install/uav_tunnel_nav/lib/python3.10/site-packages/uav_tunnel_nav/__init__.py to __init__.cpython-310.pyc
byte-compiling /ros2_ws/install/uav_tunnel_nav/lib/python3.10/site-packages/uav_tunnel_nav/mag_to_yaw.py to mag_to_yaw.cpython-310.pyc
byte-compiling /ros2_ws/install/uav_tunnel_nav/lib/python3.10/site-packages/uav_tunnel_nav/gt_to_vio_odom.py to gt_to_vio_odom.cpython-310.pyc
byte-compiling /ros2_ws/install/uav_tunnel_nav/lib/python3.10/site-packages/uav_tunnel_nav/scan_reframe.py to scan_reframe.cpython-310.pyc
running install_data
creating /ros2_ws/install/uav_tunnel_nav/share/ament_index/resource_index/packages
copying resource/uav_tunnel_nav -> /ros2_ws/install/uav_tunnel_nav/share/ament_index/resource_index/packages
copying package.xml -> /ros2_ws/install/uav_tunnel_nav/share/uav_tunnel_nav
creating /ros2_ws/install/uav_tunnel_nav/share/uav_tunnel_nav/launch
copying launch/bringup.launch.py -> /ros2_ws/install/uav_tunnel_nav/share/uav_tunnel_nav/launch
copying launch/bringup_as2.launch.py -> /ros2_ws/install/uav_tunnel_nav/share/uav_tunnel_nav/launch
creating /ros2_ws/install/uav_tunnel_nav/share/uav_tunnel_nav/config
copying config/ekf.yaml -> /ros2_ws/install/uav_tunnel_nav/share/uav_tunnel_nav/config
copying config/slam_toolbox.yaml -> /ros2_ws/install/uav_tunnel_nav/share/uav_tunnel_nav/config
creating /ros2_ws/install/uav_tunnel_nav/share/uav_tunnel_nav/rviz
copying rviz/uav_tunnel.rviz -> /ros2_ws/install/uav_tunnel_nav/share/uav_tunnel_nav/rviz
running install_egg_info
Copying ../../build/uav_tunnel_nav/uav_tunnel_nav.egg-info to /ros2_ws/install/uav_tunnel_nav/lib/python3.10/site-packages/uav_tunnel_nav-0.1.0-py3.10.egg-info
running install_scripts
Installing baro_to_pose script to /ros2_ws/install/uav_tunnel_nav/lib/uav_tunnel_nav
Installing basic_odometry script to /ros2_ws/install/uav_tunnel_nav/lib/uav_tunnel_nav
Installing gt_to_vio_odom script to /ros2_ws/install/uav_tunnel_nav/lib/uav_tunnel_nav
Installing imu_reframe script to /ros2_ws/install/uav_tunnel_nav/lib/uav_tunnel_nav
Installing mag_to_yaw script to /ros2_ws/install/uav_tunnel_nav/lib/uav_tunnel_nav
Installing scan_reframe script to /ros2_ws/install/uav_tunnel_nav/lib/uav_tunnel_nav
Installing tunnel_navigator script to /ros2_ws/install/uav_tunnel_nav/lib/uav_tunnel_nav
Installing vio_watchdog script to /ros2_ws/install/uav_tunnel_nav/lib/uav_tunnel_nav
writing list of installed files to '/ros2_ws/build/uav_tunnel_nav/install.log'
