/ros2_ws/install/uav_tunnel_nav/lib/python3.10/site-packages/uav_tunnel_nav/basic_odometry.py
/ros2_ws/install/uav_tunnel_nav/lib/python3.10/site-packages/uav_tunnel_nav/vio_watchdog.py
/ros2_ws/install/uav_tunnel_nav/lib/python3.10/site-packages/uav_tunnel_nav/baro_to_pose.py
/ros2_ws/install/uav_tunnel_nav/lib/python3.10/site-packages/uav_tunnel_nav/tunnel_navigator.py
/ros2_ws/install/uav_tunnel_nav/lib/python3.10/site-packages/uav_tunnel_nav/imu_reframe.py
/ros2_ws/install/uav_tunnel_nav/lib/python3.10/site-packages/uav_tunnel_nav/__init__.py
/ros2_ws/install/uav_tunnel_nav/lib/python3.10/site-packages/uav_tunnel_nav/mag_to_yaw.py
/ros2_ws/install/uav_tunnel_nav/lib/python3.10/site-packages/uav_tunnel_nav/gt_to_vio_odom.py
/ros2_ws/install/uav_tunnel_nav/lib/python3.10/site-packages/uav_tunnel_nav/scan_reframe.py
/ros2_ws/install/uav_tunnel_nav/lib/python3.10/site-packages/uav_tunnel_nav/__pycache__/basic_odometry.cpython-310.pyc
/ros2_ws/install/uav_tunnel_nav/lib/python3.10/site-packages/uav_tunnel_nav/__pycache__/vio_watchdog.cpython-310.pyc
/ros2_ws/install/uav_tunnel_nav/lib/python3.10/site-packages/uav_tunnel_nav/__pycache__/baro_to_pose.cpython-310.pyc
/ros2_ws/install/uav_tunnel_nav/lib/python3.10/site-packages/uav_tunnel_nav/__pycache__/tunnel_navigator.cpython-310.pyc
/ros2_ws/install/uav_tunnel_nav/lib/python3.10/site-packages/uav_tunnel_nav/__pycache__/imu_reframe.cpython-310.pyc
/ros2_ws/install/uav_tunnel_nav/lib/python3.10/site-packages/uav_tunnel_nav/__pycache__/__init__.cpython-310.pyc
/ros2_ws/install/uav_tunnel_nav/lib/python3.10/site-packages/uav_tunnel_nav/__pycache__/mag_to_yaw.cpython-310.pyc
/ros2_ws/install/uav_tunnel_nav/lib/python3.10/site-packages/uav_tunnel_nav/__pycache__/gt_to_vio_odom.cpython-310.pyc
/ros2_ws/install/uav_tunnel_nav/lib/python3.10/site-packages/uav_tunnel_nav/__pycache__/scan_reframe.cpython-310.pyc
/ros2_ws/install/uav_tunnel_nav/share/ament_index/resource_index/packages/uav_tunnel_nav
/ros2_ws/install/uav_tunnel_nav/share/uav_tunnel_nav/package.xml
/ros2_ws/install/uav_tunnel_nav/share/uav_tunnel_nav/launch/bringup.launch.py
/ros2_ws/install/uav_tunnel_nav/share/uav_tunnel_nav/launch/bringup_as2.launch.py
/ros2_ws/install/uav_tunnel_nav/share/uav_tunnel_nav/config/ekf.yaml
/ros2_ws/install/uav_tunnel_nav/share/uav_tunnel_nav/config/slam_toolbox.yaml
/ros2_ws/install/uav_tunnel_nav/share/uav_tunnel_nav/rviz/uav_tunnel.rviz
/ros2_ws/install/uav_tunnel_nav/lib/python3.10/site-packages/uav_tunnel_nav-0.1.0-py3.10.egg-info/top_level.txt
/ros2_ws/install/uav_tunnel_nav/lib/python3.10/site-packages/uav_tunnel_nav-0.1.0-py3.10.egg-info/PKG-INFO
/ros2_ws/install/uav_tunnel_nav/lib/python3.10/site-packages/uav_tunnel_nav-0.1.0-py3.10.egg-info/entry_points.txt
/ros2_ws/install/uav_tunnel_nav/lib/python3.10/site-packages/uav_tunnel_nav-0.1.0-py3.10.egg-info/requires.txt
/ros2_ws/install/uav_tunnel_nav/lib/python3.10/site-packages/uav_tunnel_nav-0.1.0-py3.10.egg-info/dependency_links.txt
/ros2_ws/install/uav_tunnel_nav/lib/python3.10/site-packages/uav_tunnel_nav-0.1.0-py3.10.egg-info/zip-safe
/ros2_ws/install/uav_tunnel_nav/lib/python3.10/site-packages/uav_tunnel_nav-0.1.0-py3.10.egg-info/SOURCES.txt
/ros2_ws/install/uav_tunnel_nav/lib/uav_tunnel_nav/baro_to_pose
/ros2_ws/install/uav_tunnel_nav/lib/uav_tunnel_nav/basic_odometry
/ros2_ws/install/uav_tunnel_nav/lib/uav_tunnel_nav/gt_to_vio_odom
/ros2_ws/install/uav_tunnel_nav/lib/uav_tunnel_nav/imu_reframe
/ros2_ws/install/uav_tunnel_nav/lib/uav_tunnel_nav/mag_to_yaw
/ros2_ws/install/uav_tunnel_nav/lib/uav_tunnel_nav/scan_reframe
/ros2_ws/install/uav_tunnel_nav/lib/uav_tunnel_nav/tunnel_navigator
/ros2_ws/install/uav_tunnel_nav/lib/uav_tunnel_nav/vio_watchdog
